// Jest Snapshot v1, https://goo.gl/fbAQLP

exports[`Button renders correctly 1`] = `
<button
  class="px-8 py-3 rounded-xl bg-yellow hover:bg-yellow-light text-lg font-bold transition-colors disabled:bg-greyscale-20 disabled:text-greyscale-80 disabled:opacity-50"
>
  Foo
</button>
`;
