// Jest Snapshot v1, https://goo.gl/fbAQLP

exports[`DeparturesForm renders correctly 1`] = `
<form
  class="px-8 py-4 lg:py-8 xl:px-14 rounded-xl bg-white"
>
  <h2
    class="mb-6 text-2xl font-bold"
  >
    Update Departure
  </h2>
   
  <div
    class="mb-4"
  >
    <label
      class="form-label"
      for="update-flight"
    >
      Flight
    </label>
     
    <select
      class="form-input"
      id="update-flight"
    >
      <option
        disabled="disabled"
        hidden="hidden"
        selected="selected"
        value=""
      >
        Select Flight
      </option>
       
      <option
        value="AF1669"
      >
        
        
          10:30
          -
          Paris
        
      
      </option>
    </select>
  </div>
   
  <div
    class="mb-4 lg:mb-6"
  >
    <label
      class="form-label"
      for="update-status"
    >
      Status
    </label>
     
    <select
      class="form-input"
      id="update-status"
    >
      <option
        disabled="disabled"
        hidden="hidden"
        selected="selected"
        value=""
      >
        Select Status
      </option>
       
      <option
        value="Cancelled"
      >
        
        Cancelled
      
      </option>
      <option
        value="Delayed"
      >
        
        Delayed
      
      </option>
      <option
        value="Departed"
      >
        
        Departed
      
      </option>
      <option
        value="Diverted"
      >
        
        Diverted
      
      </option>
      <option
        value="Other"
      >
        
        Other
      
      </option>
    </select>
  </div>
   
  <!---->
   
  <!---->
   
  <!---->
   
  <div
    class="text-right"
  >
    <button-stub
      data-test="update-button"
      type="button"
    >
      
      Update Departure
    
    </button-stub>
  </div>
</form>
`;
