// Jest Snapshot v1, https://goo.gl/fbAQLP

exports[`DepartureItem renders correctly 1`] = `
<article
  class="departure-item grid items-center gap-1 md:gap-2 xl:gap-3 mb-5 last:mb-0 px-8 lg:px-14 py-5 border-2 rounded-xl text-xl xl:text-2xl text-white font-bold whitespace-nowrap"
  data-test="departure"
>
  <span
    data-label="Departure time:"
  >
    10:30
  </span>
   
  <span
    class="text-yellow"
    data-label="City name:"
  >
    
    Paris
    
    <span
      class="block mt-1 md:mt-0 md:text-sm text-white"
      data-label="Country:"
    >
      
      France
    
    </span>
  </span>
   
  <span
    data-label="Code:"
  >
    CDG
  </span>
   
  <span
    data-label="Airline:"
  >
    Air France
  </span>
   
  <span
    class="text-yellow"
    data-label="Gate:"
    data-test="departure-gate"
  >
    
    A5
  
  </span>
   
  <departurestatus-stub
    class="col-span-full lg:col-auto mt-3 md:mt-2 lg:mt-0"
    statustext="Departed 10:49"
  />
</article>
`;
